{
  "version": "1.5.0",
  "plugins_used": [
    {
      "name": "ArtifactoryDetector"
    },
    {
      "name": "AWSKeyDetector"
    },
    {
      "name": "AzureStorageKeyDetector"
    },
    {
      "name": "Base64HighEntropyString",
      "limit": 4.5
    },
    {
      "name": "BasicAuthDetector"
    },
    {
      "name": "CloudantDetector"
    },
    {
      "name": "DiscordBotTokenDetector"
    },
    {
      "name": "GitHubTokenDetector"
    },
    {
      "name": "GitLabTokenDetector"
    },
    {
      "name": "HexHighEntropyString",
      "limit": 3.0
    },
    {
      "name": "IbmCloudIamDetector"
    },
    {
      "name": "IbmCosHmacDetector"
    },
    {
      "name": "IPPublicDetector"
    },
    {
      "name": "JwtTokenDetector"
    },
    {
      "name": "KeywordDetector",
      "keyword_exclude": ""
    },
    {
      "name": "MailchimpDetector"
    },
    {
      "name": "NpmDetector"
    },
    {
      "name": "OpenAIDetector"
    },
    {
      "name": "PrivateKeyDetector"
    },
    {
      "name": "PypiTokenDetector"
    },
    {
      "name": "SendGridDetector"
    },
    {
      "name": "SlackDetector"
    },
    {
      "name": "SoftlayerDetector"
    },
    {
      "name": "SquareOAuthDetector"
    },
    {
      "name": "StripeDetector"
    },
    {
      "name": "TelegramBotTokenDetector"
    },
    {
      "name": "TwilioKeyDetector"
    }
  ],
  "filters_used": [
    {
      "path": "detect_secrets.filters.allowlist.is_line_allowlisted"
    },
    {
      "path": "detect_secrets.filters.common.is_ignored_due_to_verification_policies",
      "min_level": 2
    },
    {
      "path": "detect_secrets.filters.heuristic.is_indirect_reference"
    },
    {
      "path": "detect_secrets.filters.heuristic.is_likely_id_string"
    },
    {
      "path": "detect_secrets.filters.heuristic.is_lock_file"
    },
    {
      "path": "detect_secrets.filters.heuristic.is_not_alphanumeric_string"
    },
    {
      "path": "detect_secrets.filters.heuristic.is_potential_uuid"
    },
    {
      "path": "detect_secrets.filters.heuristic.is_prefixed_with_dollar_sign"
    },
    {
      "path": "detect_secrets.filters.heuristic.is_sequential_string"
    },
    {
      "path": "detect_secrets.filters.heuristic.is_swagger_file"
    },
    {
      "path": "detect_secrets.filters.heuristic.is_templated_secret"
    }
  ],
  "results": {
    ".env": [
      {
        "type": "Secret Keyword",
        "filename": ".env",
        "hashed_secret": "815138d94ac63ed6b15240d1623b29923182168e",
        "is_verified": false,
        "line_number": 1
      },
      {
        "type": "Secret Keyword",
        "filename": ".env",
        "hashed_secret": "87cc2bd0c04fc6d36f506792f73956d670217fba",
        "is_verified": false,
        "line_number": 2
      },
      {
        "type": "Secret Keyword",
        "filename": ".env",
        "hashed_secret": "573284fda28a2fde7f65c8419e4909286a932f1c",
        "is_verified": false,
        "line_number": 5
      }
    ],
    "backend/requirements.txt": [
      {
        "type": "Base64 High Entropy String",
        "filename": "backend/requirements.txt",
        "hashed_secret": "b90f0fb891f29c3452617192bf1360440ba2f2fe",
        "is_verified": false,
        "line_number": 2
      },
      {
        "type": "Base64 High Entropy String",
        "filename": "backend/requirements.txt",
        "hashed_secret": "50c64bf690ae73053664bda5554e94f8122d8aaa",
        "is_verified": false,
        "line_number": 3
      },
      {
        "type": "Base64 High Entropy String",
        "filename": "backend/requirements.txt",
        "hashed_secret": "f885abeef53e417e3562e0a4a0f1d875e1b04492",
        "is_verified": false,
        "line_number": 4
      },
      {
        "type": "Base64 High Entropy String",
        "filename": "backend/requirements.txt",
        "hashed_secret": "414938fbfd271ec5d63c5ccf0b2c3329f1ee1049",
        "is_verified": false,
        "line_number": 5
      },
      {
        "type": "Base64 High Entropy String",
        "filename": "backend/requirements.txt",
        "hashed_secret": "0fe0646c366e1dbaa525dfc1d2c48ae91b42f918",
        "is_verified": false,
        "line_number": 6
      },
      {
        "type": "Base64 High Entropy String",
        "filename": "backend/requirements.txt",
        "hashed_secret": "7829f3d50a4ffdad4c16296752313cc5bb79bf8d",
        "is_verified": false,
        "line_number": 7
      },
      {
        "type": "Base64 High Entropy String",
        "filename": "backend/requirements.txt",
        "hashed_secret": "16f5f1e62c6b46b0fce893d58490ced7804c251a",
        "is_verified": false,
        "line_number": 8
      },
      {
        "type": "Base64 High Entropy String",
        "filename": "backend/requirements.txt",
        "hashed_secret": "9c047d194e045e61aded182b15424fcc94539a23",
        "is_verified": false,
        "line_number": 9
      },
      {
        "type": "Base64 High Entropy String",
        "filename": "backend/requirements.txt",
        "hashed_secret": "cecac689fa02acfc93ec6b86f79def294b367873",
        "is_verified": false,
        "line_number": 10
      },
      {
        "type": "Base64 High Entropy String",
        "filename": "backend/requirements.txt",
        "hashed_secret": "b2794bda68ba21d3ed2f30ae6a0fcca7d5747915",
        "is_verified": false,
        "line_number": 11
      },
      {
        "type": "Base64 High Entropy String",
        "filename": "backend/requirements.txt",
        "hashed_secret": "8a02231bf28b9ef44a2e5eb8e65e18cb70c0f33d",
        "is_verified": false,
        "line_number": 12
      },
      {
        "type": "Base64 High Entropy String",
        "filename": "backend/requirements.txt",
        "hashed_secret": "0bdc8fcc2b1f72043a27c9b464b7809bf796e106",
        "is_verified": false,
        "line_number": 13
      },
      {
        "type": "Base64 High Entropy String",
        "filename": "backend/requirements.txt",
        "hashed_secret": "8ca6af95745ba61f9219e96945785bae8e18f5aa",
        "is_verified": false,
        "line_number": 15
      },
      {
        "type": "Base64 High Entropy String",
        "filename": "backend/requirements.txt",
        "hashed_secret": "4d997b76f8582d1545275d8380253666e1659c82",
        "is_verified": false,
        "line_number": 16
      },
      {
        "type": "Base64 High Entropy String",
        "filename": "backend/requirements.txt",
        "hashed_secret": "eb6459fe98247e9705d26ff30ca4453391529243",
        "is_verified": false,
        "line_number": 18
      },
      {
        "type": "Base64 High Entropy String",
        "filename": "backend/requirements.txt",
        "hashed_secret": "4d3ddf05385fe699b220d60c0266867bce7dbafc",
        "is_verified": false,
        "line_number": 19
      },
      {
        "type": "Base64 High Entropy String",
        "filename": "backend/requirements.txt",
        "hashed_secret": "1f9728359311b535acfd6eba2bac274bcc41521d",
        "is_verified": false,
        "line_number": 21
      },
      {
        "type": "Base64 High Entropy String",
        "filename": "backend/requirements.txt",
        "hashed_secret": "7615a767911076603eab74572bd960155bf055c8",
        "is_verified": false,
        "line_number": 23
      },
      {
        "type": "Base64 High Entropy String",
        "filename": "backend/requirements.txt",
        "hashed_secret": "64ac1a3d66bc15ef73e969a860bff81d14bb9e53",
        "is_verified": false,
        "line_number": 24
      },
      {
        "type": "Base64 High Entropy String",
        "filename": "backend/requirements.txt",
        "hashed_secret": "b74ecac1a6152c1c62e0c84322c98f2a00cbf612",
        "is_verified": false,
        "line_number": 25
      },
      {
        "type": "Base64 High Entropy String",
        "filename": "backend/requirements.txt",
        "hashed_secret": "c300ca0a49b4c702cb14eabcc808e598a15e8592",
        "is_verified": false,
        "line_number": 26
      },
      {
        "type": "Base64 High Entropy String",
        "filename": "backend/requirements.txt",
        "hashed_secret": "f021061004d5391562b12b1bb925ecb32e00fe21",
        "is_verified": false,
        "line_number": 27
      },
      {
        "type": "Base64 High Entropy String",
        "filename": "backend/requirements.txt",
        "hashed_secret": "042301bedda850e89e46578cc0bfcd0a3c40e714",
        "is_verified": false,
        "line_number": 28
      },
      {
        "type": "Base64 High Entropy String",
        "filename": "backend/requirements.txt",
        "hashed_secret": "7232a9c1e03ff8d4d5fd4757f98d03187835b372",
        "is_verified": false,
        "line_number": 29
      },
      {
        "type": "Base64 High Entropy String",
        "filename": "backend/requirements.txt",
        "hashed_secret": "76af0f6b024c425b954d68bf3d442341ac42ca9b",
        "is_verified": false,
        "line_number": 31
      },
      {
        "type": "Base64 High Entropy String",
        "filename": "backend/requirements.txt",
        "hashed_secret": "5bbf2393d25710173312f364f354ddd848bd80d5",
        "is_verified": false,
        "line_number": 35
      },
      {
        "type": "Base64 High Entropy String",
        "filename": "backend/requirements.txt",
        "hashed_secret": "e00a335a79707e3f58ff40efd907b93410a18e18",
        "is_verified": false,
        "line_number": 36
      },
      {
        "type": "Base64 High Entropy String",
        "filename": "backend/requirements.txt",
        "hashed_secret": "a38fcad7172530c6df91e8b1409af5b6bda0c0d2",
        "is_verified": false,
        "line_number": 37
      },
      {
        "type": "Base64 High Entropy String",
        "filename": "backend/requirements.txt",
        "hashed_secret": "a60032474f3725ea80f77dbd9200f4fa5f23f224",
        "is_verified": false,
        "line_number": 41
      },
      {
        "type": "Base64 High Entropy String",
        "filename": "backend/requirements.txt",
        "hashed_secret": "6ee09739e69158f2c3df61a500110d5fc6f7d779",
        "is_verified": false,
        "line_number": 42
      },
      {
        "type": "Base64 High Entropy String",
        "filename": "backend/requirements.txt",
        "hashed_secret": "2445c031ad0d15fb0c7408467442554f80ddf89e",
        "is_verified": false,
        "line_number": 46
      },
      {
        "type": "Base64 High Entropy String",
        "filename": "backend/requirements.txt",
        "hashed_secret": "696dac6d2d5dfc91e65f5245fa764a7e7001f116",
        "is_verified": false,
        "line_number": 47
      },
      {
        "type": "Base64 High Entropy String",
        "filename": "backend/requirements.txt",
        "hashed_secret": "06a628da1587aa652700c3c885115f68d58f2625",
        "is_verified": false,
        "line_number": 48
      },
      {
        "type": "Base64 High Entropy String",
        "filename": "backend/requirements.txt",
        "hashed_secret": "dbeb73390d4d5f42e83f1277d02b11f08b0bda77",
        "is_verified": false,
        "line_number": 51
      },
      {
        "type": "Base64 High Entropy String",
        "filename": "backend/requirements.txt",
        "hashed_secret": "2df906347709d7ed10c7b0682ce88aaa1abd7c4e",
        "is_verified": false,
        "line_number": 58
      },
      {
        "type": "Base64 High Entropy String",
        "filename": "backend/requirements.txt",
        "hashed_secret": "4a63cad825e5c91d547984c9d4bc47fe6007d247",
        "is_verified": false,
        "line_number": 60
      },
      {
        "type": "Base64 High Entropy String",
        "filename": "backend/requirements.txt",
        "hashed_secret": "e5c75f817085f91a5f7e8688cb55870864edf540",
        "is_verified": false,
        "line_number": 61
      },
      {
        "type": "Base64 High Entropy String",
        "filename": "backend/requirements.txt",
        "hashed_secret": "0cdace2f5c329b075c9c6563f09c915fd8e29c9d",
        "is_verified": false,
        "line_number": 64
      },
      {
        "type": "Base64 High Entropy String",
        "filename": "backend/requirements.txt",
        "hashed_secret": "e83877d9fe6699fb341067ffb6170d3da94d4c3c",
        "is_verified": false,
        "line_number": 66
      },
      {
        "type": "Base64 High Entropy String",
        "filename": "backend/requirements.txt",
        "hashed_secret": "6dd61373ddb5df845027afb4aef7f9030a42b516",
        "is_verified": false,
        "line_number": 67
      },
      {
        "type": "Base64 High Entropy String",
        "filename": "backend/requirements.txt",
        "hashed_secret": "0ee3bb965241f42bb2bd0a051f1f5a3f83840fd3",
        "is_verified": false,
        "line_number": 68
      },
      {
        "type": "Base64 High Entropy String",
        "filename": "backend/requirements.txt",
        "hashed_secret": "9074b6fcc54911b00563f9d8cf2d5b67782b9c0b",
        "is_verified": false,
        "line_number": 71
      },
      {
        "type": "Base64 High Entropy String",
        "filename": "backend/requirements.txt",
        "hashed_secret": "1ad94cc9ee860d98e38334f7804e8d25f608c9d4",
        "is_verified": false,
        "line_number": 73
      },
      {
        "type": "Base64 High Entropy String",
        "filename": "backend/requirements.txt",
        "hashed_secret": "91417060eaef833f73dd96f31360f54373539a12",
        "is_verified": false,
        "line_number": 76
      },
      {
        "type": "Base64 High Entropy String",
        "filename": "backend/requirements.txt",
        "hashed_secret": "185fe165ede2f174196723508f8cf0aae443b6c6",
        "is_verified": false,
        "line_number": 79
      },
      {
        "type": "Base64 High Entropy String",
        "filename": "backend/requirements.txt",
        "hashed_secret": "6b6e6f602d8bbc402d51f3e9a869b1ad2cd7fc30",
        "is_verified": false,
        "line_number": 80
      },
      {
        "type": "Base64 High Entropy String",
        "filename": "backend/requirements.txt",
        "hashed_secret": "897341530638d9e9b545f32a26c8836ab7ae2515",
        "is_verified": false,
        "line_number": 82
      },
      {
        "type": "Base64 High Entropy String",
        "filename": "backend/requirements.txt",
        "hashed_secret": "e4cfe1e8c26f47d58eb1110c4866c087b1fce649",
        "is_verified": false,
        "line_number": 86
      },
      {
        "type": "Base64 High Entropy String",
        "filename": "backend/requirements.txt",
        "hashed_secret": "69dc6bac8ab131d188aed58ba5619ebd8edc39db",
        "is_verified": false,
        "line_number": 87
      },
      {
        "type": "Base64 High Entropy String",
        "filename": "backend/requirements.txt",
        "hashed_secret": "e7a6217945efacd6bb9776a574a83905f834935e",
        "is_verified": false,
        "line_number": 88
      },
      {
        "type": "Base64 High Entropy String",
        "filename": "backend/requirements.txt",
        "hashed_secret": "feb45822bce1d7dcef2478f48096269594471dc4",
        "is_verified": false,
        "line_number": 89
      },
      {
        "type": "Base64 High Entropy String",
        "filename": "backend/requirements.txt",
        "hashed_secret": "d4ca6e1eb7648c9a519829bb01bbc6edaa04a7e1",
        "is_verified": false,
        "line_number": 91
      },
      {
        "type": "Base64 High Entropy String",
        "filename": "backend/requirements.txt",
        "hashed_secret": "5384b996c4a50d7cc4894eac8d78ef052624dd5b",
        "is_verified": false,
        "line_number": 92
      },
      {
        "type": "Base64 High Entropy String",
        "filename": "backend/requirements.txt",
        "hashed_secret": "a96692146edcde5e2af648fc3022f2ec7a2a5798",
        "is_verified": false,
        "line_number": 94
      },
      {
        "type": "Base64 High Entropy String",
        "filename": "backend/requirements.txt",
        "hashed_secret": "278bb091ea9c9d72a3b80cecd48530bba7c11f48",
        "is_verified": false,
        "line_number": 95
      },
      {
        "type": "Base64 High Entropy String",
        "filename": "backend/requirements.txt",
        "hashed_secret": "354df775e83021dea212373bd849775d9dcdca65",
        "is_verified": false,
        "line_number": 96
      },
      {
        "type": "Base64 High Entropy String",
        "filename": "backend/requirements.txt",
        "hashed_secret": "04ebb116341cdd63074ac82cda3aa88cdd6bd65b",
        "is_verified": false,
        "line_number": 98
      },
      {
        "type": "Base64 High Entropy String",
        "filename": "backend/requirements.txt",
        "hashed_secret": "71e051331f1c8697a91fd67d639e6c064a56de77",
        "is_verified": false,
        "line_number": 99
      },
      {
        "type": "Base64 High Entropy String",
        "filename": "backend/requirements.txt",
        "hashed_secret": "bee8158bb54c363ed666a05e4b7ed457dd7a4ba7",
        "is_verified": false,
        "line_number": 101
      },
      {
        "type": "Base64 High Entropy String",
        "filename": "backend/requirements.txt",
        "hashed_secret": "b89abc5b0f13a27a55192c1e55b5060312c1524e",
        "is_verified": false,
        "line_number": 103
      },
      {
        "type": "Base64 High Entropy String",
        "filename": "backend/requirements.txt",
        "hashed_secret": "32fbbc9efd24b4a5f0dc3feff895075058b1a1b9",
        "is_verified": false,
        "line_number": 106
      },
      {
        "type": "Base64 High Entropy String",
        "filename": "backend/requirements.txt",
        "hashed_secret": "ba843716ac2ea564d209aba4d1d91f87e3e01204",
        "is_verified": false,
        "line_number": 107
      },
      {
        "type": "Base64 High Entropy String",
        "filename": "backend/requirements.txt",
        "hashed_secret": "3604775009bbfcab77ea6089c10ad2dc7505b74d",
        "is_verified": false,
        "line_number": 109
      },
      {
        "type": "Base64 High Entropy String",
        "filename": "backend/requirements.txt",
        "hashed_secret": "5944c8f7aad6248d839a46b861b3c80e739f74a9",
        "is_verified": false,
        "line_number": 110
      },
      {
        "type": "Base64 High Entropy String",
        "filename": "backend/requirements.txt",
        "hashed_secret": "5cb171e9e7ac19c02e7964ca6d06065f6646fc43",
        "is_verified": false,
        "line_number": 111
      },
      {
        "type": "Base64 High Entropy String",
        "filename": "backend/requirements.txt",
        "hashed_secret": "f4e08b11f542d20fd8a03cdcc9951698a6802318",
        "is_verified": false,
        "line_number": 113
      },
      {
        "type": "Base64 High Entropy String",
        "filename": "backend/requirements.txt",
        "hashed_secret": "4f6bd76b9cd215bc18c4ff9fbdab99220f987c36",
        "is_verified": false,
        "line_number": 115
      },
      {
        "type": "Base64 High Entropy String",
        "filename": "backend/requirements.txt",
        "hashed_secret": "97831d7c3dd4daaf374a8b39047c65b6bb2e3e43",
        "is_verified": false,
        "line_number": 117
      },
      {
        "type": "Base64 High Entropy String",
        "filename": "backend/requirements.txt",
        "hashed_secret": "0cf74efc57e5934b61c9661fe9e474ec9f3ceaa5",
        "is_verified": false,
        "line_number": 119
      },
      {
        "type": "Base64 High Entropy String",
        "filename": "backend/requirements.txt",
        "hashed_secret": "dcef844ab1b941fdfc54e41850704e3c878e5a81",
        "is_verified": false,
        "line_number": 120
      },
      {
        "type": "Base64 High Entropy String",
        "filename": "backend/requirements.txt",
        "hashed_secret": "178a933dd2b51475810c8e4b4c6d7343e16ee71f",
        "is_verified": false,
        "line_number": 121
      },
      {
        "type": "Base64 High Entropy String",
        "filename": "backend/requirements.txt",
        "hashed_secret": "6be7ff820ef838cd9eac755f25fedae01a9f6fca",
        "is_verified": false,
        "line_number": 122
      },
      {
        "type": "Base64 High Entropy String",
        "filename": "backend/requirements.txt",
        "hashed_secret": "9bd288113ec1e68563b6d3329e4c3a19fe7d725b",
        "is_verified": false,
        "line_number": 125
      },
      {
        "type": "Base64 High Entropy String",
        "filename": "backend/requirements.txt",
        "hashed_secret": "ce65f7c8af0c020fa82fe1e3fecfe1c848fdc3eb",
        "is_verified": false,
        "line_number": 127
      },
      {
        "type": "Base64 High Entropy String",
        "filename": "backend/requirements.txt",
        "hashed_secret": "0f3d15b2e16fbf522cb92977c8716ab979b063cd",
        "is_verified": false,
        "line_number": 128
      },
      {
        "type": "Base64 High Entropy String",
        "filename": "backend/requirements.txt",
        "hashed_secret": "b9082dba50deea5c42b9b0f828cf247657db20f7",
        "is_verified": false,
        "line_number": 132
      },
      {
        "type": "Base64 High Entropy String",
        "filename": "backend/requirements.txt",
        "hashed_secret": "8c408dfa96e686f967e65a8b79cb168eaeeda789",
        "is_verified": false,
        "line_number": 137
      },
      {
        "type": "Base64 High Entropy String",
        "filename": "backend/requirements.txt",
        "hashed_secret": "514a97c94a67f463e0641c4fd10954234e0c3044",
        "is_verified": false,
        "line_number": 139
      },
      {
        "type": "Base64 High Entropy String",
        "filename": "backend/requirements.txt",
        "hashed_secret": "806f5cf59d74a3f78aefaee7a2090372656c1dd8",
        "is_verified": false,
        "line_number": 142
      },
      {
        "type": "Base64 High Entropy String",
        "filename": "backend/requirements.txt",
        "hashed_secret": "a21f18793452e1b349bb6aa076efee1024528129",
        "is_verified": false,
        "line_number": 143
      },
      {
        "type": "Base64 High Entropy String",
        "filename": "backend/requirements.txt",
        "hashed_secret": "28f2fec9b148c4be8cacceab1079dfe388db09c5",
        "is_verified": false,
        "line_number": 150
      },
      {
        "type": "Base64 High Entropy String",
        "filename": "backend/requirements.txt",
        "hashed_secret": "c5aac646d4588db3509c9a5c4bdde86a8c4679a0",
        "is_verified": false,
        "line_number": 152
      },
      {
        "type": "Base64 High Entropy String",
        "filename": "backend/requirements.txt",
        "hashed_secret": "4e03df7014648a1b61eca653881f433b625211a0",
        "is_verified": false,
        "line_number": 153
      },
      {
        "type": "Base64 High Entropy String",
        "filename": "backend/requirements.txt",
        "hashed_secret": "7cd13730d0eb9d76b612a5ec9de65a6fe196b7a7",
        "is_verified": false,
        "line_number": 154
      },
      {
        "type": "Base64 High Entropy String",
        "filename": "backend/requirements.txt",
        "hashed_secret": "90ba199cd29afa4818df2dd56ddddcf8932e0a49",
        "is_verified": false,
        "line_number": 157
      },
      {
        "type": "Base64 High Entropy String",
        "filename": "backend/requirements.txt",
        "hashed_secret": "853452e41b43209edb1e012bbe690a157f68d70f",
        "is_verified": false,
        "line_number": 164
      },
      {
        "type": "Base64 High Entropy String",
        "filename": "backend/requirements.txt",
        "hashed_secret": "1585599630ca4e0fd36b3d1ab7490bcb68c5a77d",
        "is_verified": false,
        "line_number": 185
      },
      {
        "type": "Base64 High Entropy String",
        "filename": "backend/requirements.txt",
        "hashed_secret": "68eb28df1b6056f0ea3ff16f32c75d8ca0b45038",
        "is_verified": false,
        "line_number": 186
      },
      {
        "type": "Base64 High Entropy String",
        "filename": "backend/requirements.txt",
        "hashed_secret": "941c74424b923845264ff33401239b2d2b71ef0c",
        "is_verified": false,
        "line_number": 187
      },
      {
        "type": "Base64 High Entropy String",
        "filename": "backend/requirements.txt",
        "hashed_secret": "eb94e8489abe596fe9e0e3ff9042db958e8246c2",
        "is_verified": false,
        "line_number": 188
      },
      {
        "type": "Base64 High Entropy String",
        "filename": "backend/requirements.txt",
        "hashed_secret": "521b56b7eda2b15f1f78d7c2313939c69dfb2c4b",
        "is_verified": false,
        "line_number": 190
      },
      {
        "type": "Base64 High Entropy String",
        "filename": "backend/requirements.txt",
        "hashed_secret": "e887180c6afdc620c69a98f13f299d1abbd748d7",
        "is_verified": false,
        "line_number": 194
      },
      {
        "type": "Base64 High Entropy String",
        "filename": "backend/requirements.txt",
        "hashed_secret": "e30ed02991af3ca78d6693cece2285add0fd091d",
        "is_verified": false,
        "line_number": 196
      },
      {
        "type": "Base64 High Entropy String",
        "filename": "backend/requirements.txt",
        "hashed_secret": "7b814a0588853fc40808adc022df07be5bb2c69e",
        "is_verified": false,
        "line_number": 198
      },
      {
        "type": "Base64 High Entropy String",
        "filename": "backend/requirements.txt",
        "hashed_secret": "acdbdd8f355494440543a672878220658ec97c05",
        "is_verified": false,
        "line_number": 199
      },
      {
        "type": "Base64 High Entropy String",
        "filename": "backend/requirements.txt",
        "hashed_secret": "f006c9bc0e3aa2b99e4b7d3db365ba533552b40d",
        "is_verified": false,
        "line_number": 200
      },
      {
        "type": "Base64 High Entropy String",
        "filename": "backend/requirements.txt",
        "hashed_secret": "51509fa88cad8ae9fead879bb482033db6043928",
        "is_verified": false,
        "line_number": 201
      },
      {
        "type": "Base64 High Entropy String",
        "filename": "backend/requirements.txt",
        "hashed_secret": "c3a4626298f13d677365c7b48e8de9430dd3e2e7",
        "is_verified": false,
        "line_number": 202
      },
      {
        "type": "Base64 High Entropy String",
        "filename": "backend/requirements.txt",
        "hashed_secret": "60f9a817b2dd8bbf6d64085ae60b174034532ccd",
        "is_verified": false,
        "line_number": 203
      },
      {
        "type": "Base64 High Entropy String",
        "filename": "backend/requirements.txt",
        "hashed_secret": "a39c9f471a1d526dd43b35da770e105a67b4f9bd",
        "is_verified": false,
        "line_number": 204
      },
      {
        "type": "Base64 High Entropy String",
        "filename": "backend/requirements.txt",
        "hashed_secret": "203caa75392e6f9458281aa3cad6ed38be9342c6",
        "is_verified": false,
        "line_number": 207
      },
      {
        "type": "Base64 High Entropy String",
        "filename": "backend/requirements.txt",
        "hashed_secret": "181bee908c158e5c09c532bb71ab811a6855c568",
        "is_verified": false,
        "line_number": 209
      },
      {
        "type": "Base64 High Entropy String",
        "filename": "backend/requirements.txt",
        "hashed_secret": "6d4d81c9999645a22ce5868ac1b9a939e1cb3203",
        "is_verified": false,
        "line_number": 210
      },
      {
        "type": "Base64 High Entropy String",
        "filename": "backend/requirements.txt",
        "hashed_secret": "25d08a12843f70245010cb944be92544ec54e261",
        "is_verified": false,
        "line_number": 211
      },
      {
        "type": "Base64 High Entropy String",
        "filename": "backend/requirements.txt",
        "hashed_secret": "0190ddfcf928bf02cd65c9f4eb441975596558db",
        "is_verified": false,
        "line_number": 212
      },
      {
        "type": "Base64 High Entropy String",
        "filename": "backend/requirements.txt",
        "hashed_secret": "3b0d024359d74c2a18611f30ed68c66b224fee13",
        "is_verified": false,
        "line_number": 213
      },
      {
        "type": "Base64 High Entropy String",
        "filename": "backend/requirements.txt",
        "hashed_secret": "bfd124fdf34ecb30867897d0a40861e4947d95e0",
        "is_verified": false,
        "line_number": 214
      },
      {
        "type": "Base64 High Entropy String",
        "filename": "backend/requirements.txt",
        "hashed_secret": "a8d1f13ddf3a4b50cf24902f4589d65d9c7e1eb5",
        "is_verified": false,
        "line_number": 216
      },
      {
        "type": "Base64 High Entropy String",
        "filename": "backend/requirements.txt",
        "hashed_secret": "f9d02b5a4e5fcd512b36252d1e07e8091ac75893",
        "is_verified": false,
        "line_number": 218
      },
      {
        "type": "Base64 High Entropy String",
        "filename": "backend/requirements.txt",
        "hashed_secret": "7c5b4a33378b8fd6d6892143a660a0780ccdd095",
        "is_verified": false,
        "line_number": 219
      },
      {
        "type": "Base64 High Entropy String",
        "filename": "backend/requirements.txt",
        "hashed_secret": "ebc6f7a040fd7c79dd57372060a9c6c6612e5e1f",
        "is_verified": false,
        "line_number": 221
      },
      {
        "type": "Base64 High Entropy String",
        "filename": "backend/requirements.txt",
        "hashed_secret": "3396d25315b2e18b45e073302e417dfa6a589775",
        "is_verified": false,
        "line_number": 222
      },
      {
        "type": "Base64 High Entropy String",
        "filename": "backend/requirements.txt",
        "hashed_secret": "e82891c1a66b1129fb2c59f5d5f5deb4402c6aac",
        "is_verified": false,
        "line_number": 223
      },
      {
        "type": "Base64 High Entropy String",
        "filename": "backend/requirements.txt",
        "hashed_secret": "027acd209e20062d08870229c0fb63292846cb70",
        "is_verified": false,
        "line_number": 225
      },
      {
        "type": "Base64 High Entropy String",
        "filename": "backend/requirements.txt",
        "hashed_secret": "98011f5b56e0f707f24e8d59136a3a8be708d5cb",
        "is_verified": false,
        "line_number": 226
      },
      {
        "type": "Base64 High Entropy String",
        "filename": "backend/requirements.txt",
        "hashed_secret": "1671ca733793e099c26d53ca243453fc58e05e07",
        "is_verified": false,
        "line_number": 227
      },
      {
        "type": "Base64 High Entropy String",
        "filename": "backend/requirements.txt",
        "hashed_secret": "90cd46ba9c13e1896efd2429a14e10b20f8215f3",
        "is_verified": false,
        "line_number": 228
      },
      {
        "type": "Base64 High Entropy String",
        "filename": "backend/requirements.txt",
        "hashed_secret": "a23540e3588f0cf617a38527d30f6812fbf74875",
        "is_verified": false,
        "line_number": 230
      },
      {
        "type": "Base64 High Entropy String",
        "filename": "backend/requirements.txt",
        "hashed_secret": "a8ded34721e53799c6f59d05bd9eccf0bbe54613",
        "is_verified": false,
        "line_number": 231
      },
      {
        "type": "Base64 High Entropy String",
        "filename": "backend/requirements.txt",
        "hashed_secret": "f971eecaad39d3aa634c1a5446ba52553245a946",
        "is_verified": false,
        "line_number": 232
      },
      {
        "type": "Base64 High Entropy String",
        "filename": "backend/requirements.txt",
        "hashed_secret": "b5da9b040b287d6cbe82a94fa90566a17a7e75c0",
        "is_verified": false,
        "line_number": 233
      },
      {
        "type": "Base64 High Entropy String",
        "filename": "backend/requirements.txt",
        "hashed_secret": "7570500d8b0ee2ec218b841732852a9ceadbf448",
        "is_verified": false,
        "line_number": 234
      },
      {
        "type": "Base64 High Entropy String",
        "filename": "backend/requirements.txt",
        "hashed_secret": "38d638828a9c1d80d0f36160c13e6c8dc165b54e",
        "is_verified": false,
        "line_number": 235
      },
      {
        "type": "Base64 High Entropy String",
        "filename": "backend/requirements.txt",
        "hashed_secret": "23ce1412ec394e978ddfbcdbb1617836a548064e",
        "is_verified": false,
        "line_number": 236
      },
      {
        "type": "Base64 High Entropy String",
        "filename": "backend/requirements.txt",
        "hashed_secret": "41499efdba32e48e11ab032ac1d01b10098ba5cd",
        "is_verified": false,
        "line_number": 237
      },
      {
        "type": "Base64 High Entropy String",
        "filename": "backend/requirements.txt",
        "hashed_secret": "7466f70f896d13ed969cc759b628f857cbcddba4",
        "is_verified": false,
        "line_number": 238
      },
      {
        "type": "Base64 High Entropy String",
        "filename": "backend/requirements.txt",
        "hashed_secret": "9faf634d2eead29620a03744a174389d776e0849",
        "is_verified": false,
        "line_number": 239
      },
      {
        "type": "Base64 High Entropy String",
        "filename": "backend/requirements.txt",
        "hashed_secret": "40a54e655faa4329984d8c4bb7900388c90a2be2",
        "is_verified": false,
        "line_number": 240
      },
      {
        "type": "Base64 High Entropy String",
        "filename": "backend/requirements.txt",
        "hashed_secret": "faaf36a0d8947eb7991d1c6540bcef0ed13a0a7b",
        "is_verified": false,
        "line_number": 241
      },
      {
        "type": "Base64 High Entropy String",
        "filename": "backend/requirements.txt",
        "hashed_secret": "b61509de24860a564531365e82bc382386074a55",
        "is_verified": false,
        "line_number": 242
      },
      {
        "type": "Base64 High Entropy String",
        "filename": "backend/requirements.txt",
        "hashed_secret": "5d0986618516d16b2b4755cc1d8520c1f49b922a",
        "is_verified": false,
        "line_number": 243
      },
      {
        "type": "Base64 High Entropy String",
        "filename": "backend/requirements.txt",
        "hashed_secret": "7db3a061e39bba76501ba3ca6662730dfbcba3a2",
        "is_verified": false,
        "line_number": 245
      },
      {
        "type": "Base64 High Entropy String",
        "filename": "backend/requirements.txt",
        "hashed_secret": "85318e98973a10144d75159633ccc58ea160197c",
        "is_verified": false,
        "line_number": 246
      },
      {
        "type": "Base64 High Entropy String",
        "filename": "backend/requirements.txt",
        "hashed_secret": "23d3bf4fb59371ffb919e526f678b85e8236bc2d",
        "is_verified": false,
        "line_number": 259
      },
      {
        "type": "Base64 High Entropy String",
        "filename": "backend/requirements.txt",
        "hashed_secret": "e71d3f5e013ab14fb725b303fff4854b085656f4",
        "is_verified": false,
        "line_number": 260
      },
      {
        "type": "Base64 High Entropy String",
        "filename": "backend/requirements.txt",
        "hashed_secret": "9e77fcde07d223250aa0c41f12de85a15805fe1d",
        "is_verified": false,
        "line_number": 261
      },
      {
        "type": "Base64 High Entropy String",
        "filename": "backend/requirements.txt",
        "hashed_secret": "b188a4162efa025ce6b3a614ca431d796d974f14",
        "is_verified": false,
        "line_number": 264
      },
      {
        "type": "Base64 High Entropy String",
        "filename": "backend/requirements.txt",
        "hashed_secret": "8a26f6e872e53e8581417dea9d09aa08e2a0f73b",
        "is_verified": false,
        "line_number": 265
      },
      {
        "type": "Base64 High Entropy String",
        "filename": "backend/requirements.txt",
        "hashed_secret": "4f4975125fb4e6cbeff3c64d7b58cfafda315b5e",
        "is_verified": false,
        "line_number": 266
      },
      {
        "type": "Base64 High Entropy String",
        "filename": "backend/requirements.txt",
        "hashed_secret": "0a7cd96cb8eeef38427d9f10bc3c3587519ba455",
        "is_verified": false,
        "line_number": 267
      },
      {
        "type": "Base64 High Entropy String",
        "filename": "backend/requirements.txt",
        "hashed_secret": "2f95485663eea559b001c1cf3a1d197c240324fa",
        "is_verified": false,
        "line_number": 268
      },
      {
        "type": "Base64 High Entropy String",
        "filename": "backend/requirements.txt",
        "hashed_secret": "73fcdd9bcc66262abc41895cb4e69497bbfd3ad9",
        "is_verified": false,
        "line_number": 270
      },
      {
        "type": "Base64 High Entropy String",
        "filename": "backend/requirements.txt",
        "hashed_secret": "91961f8ce22c4f0ec9dbe2feb8fce3f25662fe52",
        "is_verified": false,
        "line_number": 271
      },
      {
        "type": "Base64 High Entropy String",
        "filename": "backend/requirements.txt",
        "hashed_secret": "c2d47a0f464b961c56ff5331bd8a96ade709a7ce",
        "is_verified": false,
        "line_number": 272
      },
      {
        "type": "Base64 High Entropy String",
        "filename": "backend/requirements.txt",
        "hashed_secret": "a99de33a322a7f186d9f0f116bd8bedb20f5d027",
        "is_verified": false,
        "line_number": 273
      },
      {
        "type": "Base64 High Entropy String",
        "filename": "backend/requirements.txt",
        "hashed_secret": "4c7a0e2b9c5ffe12e37ec6713385ca698f8d0024",
        "is_verified": false,
        "line_number": 274
      },
      {
        "type": "Base64 High Entropy String",
        "filename": "backend/requirements.txt",
        "hashed_secret": "8c269e929c93727c907bcfe6eb07461173d8aa3f",
        "is_verified": false,
        "line_number": 276
      },
      {
        "type": "Base64 High Entropy String",
        "filename": "backend/requirements.txt",
        "hashed_secret": "605bb07a05d671b07c18f44d55a3eee8071bab2e",
        "is_verified": false,
        "line_number": 278
      },
      {
        "type": "Base64 High Entropy String",
        "filename": "backend/requirements.txt",
        "hashed_secret": "65167a937fd515af0f12afcb491af5b5d3614f27",
        "is_verified": false,
        "line_number": 280
      },
      {
        "type": "Base64 High Entropy String",
        "filename": "backend/requirements.txt",
        "hashed_secret": "e4c5588f33041d5b0a946fb546f9e239228fd29a",
        "is_verified": false,
        "line_number": 281
      },
      {
        "type": "Base64 High Entropy String",
        "filename": "backend/requirements.txt",
        "hashed_secret": "8702f2f5dc0d010b4a4c5c54873d56b707e3564d",
        "is_verified": false,
        "line_number": 284
      },
      {
        "type": "Base64 High Entropy String",
        "filename": "backend/requirements.txt",
        "hashed_secret": "3b95898bc840576df9d6c1a35846ffe19862cb21",
        "is_verified": false,
        "line_number": 286
      },
      {
        "type": "Base64 High Entropy String",
        "filename": "backend/requirements.txt",
        "hashed_secret": "e669871ccf24f3ff9b1551f05f619424829ac8b4",
        "is_verified": false,
        "line_number": 289
      },
      {
        "type": "Base64 High Entropy String",
        "filename": "backend/requirements.txt",
        "hashed_secret": "d676fa5e9e34118ea0d42132cf2060aa463d8e18",
        "is_verified": false,
        "line_number": 291
      },
      {
        "type": "Base64 High Entropy String",
        "filename": "backend/requirements.txt",
        "hashed_secret": "0e5f624705de6c3e42a160d22a97cbf84ae376a0",
        "is_verified": false,
        "line_number": 292
      },
      {
        "type": "Base64 High Entropy String",
        "filename": "backend/requirements.txt",
        "hashed_secret": "d5bd3d071bf97e31f986dc38565f245a0c4b24a7",
        "is_verified": false,
        "line_number": 293
      },
      {
        "type": "Base64 High Entropy String",
        "filename": "backend/requirements.txt",
        "hashed_secret": "36e4a00776803493b361a8e27521c09ce81a4b71",
        "is_verified": false,
        "line_number": 294
      },
      {
        "type": "Base64 High Entropy String",
        "filename": "backend/requirements.txt",
        "hashed_secret": "f79db9fd6ec4971c8eadd17f0935949def80c0c8",
        "is_verified": false,
        "line_number": 295
      },
      {
        "type": "Base64 High Entropy String",
        "filename": "backend/requirements.txt",
        "hashed_secret": "1355fa124a3834c433a2fa04c0921d05b7928284",
        "is_verified": false,
        "line_number": 296
      },
      {
        "type": "Base64 High Entropy String",
        "filename": "backend/requirements.txt",
        "hashed_secret": "3b07670ca0b452dc81c0b8fd994a5c4474582d16",
        "is_verified": false,
        "line_number": 297
      },
      {
        "type": "Base64 High Entropy String",
        "filename": "backend/requirements.txt",
        "hashed_secret": "cfdcbcafb894a4a6978a995f429127f395e79b27",
        "is_verified": false,
        "line_number": 299
      },
      {
        "type": "Base64 High Entropy String",
        "filename": "backend/requirements.txt",
        "hashed_secret": "48bdb088263ae9ba4d6af3eafafaa27047e32c92",
        "is_verified": false,
        "line_number": 300
      },
      {
        "type": "Base64 High Entropy String",
        "filename": "backend/requirements.txt",
        "hashed_secret": "9a62478af8df57ebd2f67d39b8cf35eb4d58bb5f",
        "is_verified": false,
        "line_number": 301
      },
      {
        "type": "Base64 High Entropy String",
        "filename": "backend/requirements.txt",
        "hashed_secret": "740af6eb5f3907d09f682c2ca7adcce57368da96",
        "is_verified": false,
        "line_number": 302
      },
      {
        "type": "Base64 High Entropy String",
        "filename": "backend/requirements.txt",
        "hashed_secret": "36246b6d81583aa536fbe0de7f0e70ad88cf72b5",
        "is_verified": false,
        "line_number": 303
      },
      {
        "type": "Base64 High Entropy String",
        "filename": "backend/requirements.txt",
        "hashed_secret": "ee9174f130cb3a39fa8288ce88dde31dc7d9daa8",
        "is_verified": false,
        "line_number": 304
      },
      {
        "type": "Base64 High Entropy String",
        "filename": "backend/requirements.txt",
        "hashed_secret": "53680acb393f3403ae08d83801bc35c1c7f27fbb",
        "is_verified": false,
        "line_number": 305
      },
      {
        "type": "Base64 High Entropy String",
        "filename": "backend/requirements.txt",
        "hashed_secret": "0a8fd527e4587f96615b30a5570e513441f193ad",
        "is_verified": false,
        "line_number": 307
      },
      {
        "type": "Base64 High Entropy String",
        "filename": "backend/requirements.txt",
        "hashed_secret": "9f3c729fca5aa13d7e3105ef7d922dd3b3105b98",
        "is_verified": false,
        "line_number": 308
      },
      {
        "type": "Base64 High Entropy String",
        "filename": "backend/requirements.txt",
        "hashed_secret": "1de90722755825deeec52b3359940ca3dc0515d2",
        "is_verified": false,
        "line_number": 309
      },
      {
        "type": "Base64 High Entropy String",
        "filename": "backend/requirements.txt",
        "hashed_secret": "d75bb984d19dd542598dedb1095e1d9a25147ea6",
        "is_verified": false,
        "line_number": 310
      },
      {
        "type": "Base64 High Entropy String",
        "filename": "backend/requirements.txt",
        "hashed_secret": "305a423afffaf0fe6425dad7a69a8a1390cf2a19",
        "is_verified": false,
        "line_number": 312
      },
      {
        "type": "Base64 High Entropy String",
        "filename": "backend/requirements.txt",
        "hashed_secret": "dea5d49cb675d45aafe609f1a52f5e060579b644",
        "is_verified": false,
        "line_number": 323
      },
      {
        "type": "Base64 High Entropy String",
        "filename": "backend/requirements.txt",
        "hashed_secret": "79bdf889146de6bb3c6e423e82e9e4543410b9ac",
        "is_verified": false,
        "line_number": 324
      },
      {
        "type": "Base64 High Entropy String",
        "filename": "backend/requirements.txt",
        "hashed_secret": "b45d785a8c99e78350e73b8bfa32e21815b5fc1c",
        "is_verified": false,
        "line_number": 328
      },
      {
        "type": "Base64 High Entropy String",
        "filename": "backend/requirements.txt",
        "hashed_secret": "572a5716c711620d700f3a2eb6212d966ae1c1ea",
        "is_verified": false,
        "line_number": 329
      },
      {
        "type": "Base64 High Entropy String",
        "filename": "backend/requirements.txt",
        "hashed_secret": "80a765885fa828e48c70777da9ea5aae7255d0bb",
        "is_verified": false,
        "line_number": 330
      },
      {
        "type": "Base64 High Entropy String",
        "filename": "backend/requirements.txt",
        "hashed_secret": "e6f3c5523316852dd3b93058467830a1e56bbb26",
        "is_verified": false,
        "line_number": 332
      },
      {
        "type": "Base64 High Entropy String",
        "filename": "backend/requirements.txt",
        "hashed_secret": "b457d04a9798df4cfc5d2bedd9cfbb48c0824d60",
        "is_verified": false,
        "line_number": 335
      },
      {
        "type": "Base64 High Entropy String",
        "filename": "backend/requirements.txt",
        "hashed_secret": "bdaec03587e0c6bc94fc8f01d520f64afd12c965",
        "is_verified": false,
        "line_number": 336
      },
      {
        "type": "Base64 High Entropy String",
        "filename": "backend/requirements.txt",
        "hashed_secret": "b535c124a04afe8409a3e1df29127b740cdb4792",
        "is_verified": false,
        "line_number": 339
      },
      {
        "type": "Base64 High Entropy String",
        "filename": "backend/requirements.txt",
        "hashed_secret": "5e7709bee76180b9ce23758dd6563bf4a0570bb5",
        "is_verified": false,
        "line_number": 341
      },
      {
        "type": "Base64 High Entropy String",
        "filename": "backend/requirements.txt",
        "hashed_secret": "97eb939950ac4ae38539d65f605d454f814cbe0a",
        "is_verified": false,
        "line_number": 344
      },
      {
        "type": "Base64 High Entropy String",
        "filename": "backend/requirements.txt",
        "hashed_secret": "55d47bbf5626634c0caecb7fb8630a199dd1c081",
        "is_verified": false,
        "line_number": 345
      },
      {
        "type": "Base64 High Entropy String",
        "filename": "backend/requirements.txt",
        "hashed_secret": "81fd84641841fe2879ac12af29e99f08f66d810a",
        "is_verified": false,
        "line_number": 346
      },
      {
        "type": "Base64 High Entropy String",
        "filename": "backend/requirements.txt",
        "hashed_secret": "a7f39f7314ef2acd36a727e81742881f27708d87",
        "is_verified": false,
        "line_number": 349
      },
      {
        "type": "Base64 High Entropy String",
        "filename": "backend/requirements.txt",
        "hashed_secret": "059c417a526d1c1953933e4022e78ab408ff1ccb",
        "is_verified": false,
        "line_number": 351
      },
      {
        "type": "Base64 High Entropy String",
        "filename": "backend/requirements.txt",
        "hashed_secret": "a3e114ded161463d880a2cf5fb8eb0e3b5fe0853",
        "is_verified": false,
        "line_number": 354
      },
      {
        "type": "Base64 High Entropy String",
        "filename": "backend/requirements.txt",
        "hashed_secret": "079ef2c5d3663bd757f0b6eec121db48f5ec7186",
        "is_verified": false,
        "line_number": 356
      },
      {
        "type": "Base64 High Entropy String",
        "filename": "backend/requirements.txt",
        "hashed_secret": "0f9fbef615a1bb72940f6de35ae42312a30ab0c6",
        "is_verified": false,
        "line_number": 364
      },
      {
        "type": "Base64 High Entropy String",
        "filename": "backend/requirements.txt",
        "hashed_secret": "11f2f05cff9bab8fdd12148f9ff44f980d348496",
        "is_verified": false,
        "line_number": 365
      },
      {
        "type": "Base64 High Entropy String",
        "filename": "backend/requirements.txt",
        "hashed_secret": "c14e37e14a2740d1c0265b1b5026cadf8b739717",
        "is_verified": false,
        "line_number": 369
      },
      {
        "type": "Base64 High Entropy String",
        "filename": "backend/requirements.txt",
        "hashed_secret": "642a5383342ba396387451e97b2fd35430865c48",
        "is_verified": false,
        "line_number": 370
      },
      {
        "type": "Base64 High Entropy String",
        "filename": "backend/requirements.txt",
        "hashed_secret": "573eee6fe7b7e075ffd710757eb790c586c5e4b7",
        "is_verified": false,
        "line_number": 371
      },
      {
        "type": "Base64 High Entropy String",
        "filename": "backend/requirements.txt",
        "hashed_secret": "4b48be62bee397bf896469effc966eb3aba13537",
        "is_verified": false,
        "line_number": 373
      },
      {
        "type": "Base64 High Entropy String",
        "filename": "backend/requirements.txt",
        "hashed_secret": "c8cf0d4f36a681252b2f2412de1c2ff4db77b9f0",
        "is_verified": false,
        "line_number": 374
      },
      {
        "type": "Base64 High Entropy String",
        "filename": "backend/requirements.txt",
        "hashed_secret": "3518a49dace6f7f0e8bd49b3172846954e423190",
        "is_verified": false,
        "line_number": 378
      },
      {
        "type": "Base64 High Entropy String",
        "filename": "backend/requirements.txt",
        "hashed_secret": "a9ff931944489a9676432667324da68b069d5ec7",
        "is_verified": false,
        "line_number": 379
      },
      {
        "type": "Base64 High Entropy String",
        "filename": "backend/requirements.txt",
        "hashed_secret": "acd2572cd313b59ff3a9f54753fbe41a217b4fb0",
        "is_verified": false,
        "line_number": 380
      },
      {
        "type": "Base64 High Entropy String",
        "filename": "backend/requirements.txt",
        "hashed_secret": "782eabdf0e769278e895fa05926dc01233b27147",
        "is_verified": false,
        "line_number": 382
      },
      {
        "type": "Base64 High Entropy String",
        "filename": "backend/requirements.txt",
        "hashed_secret": "4d6eb76b27a253ad5a35ceb30aeb85dfc80e0dbf",
        "is_verified": false,
        "line_number": 383
      },
      {
        "type": "Base64 High Entropy String",
        "filename": "backend/requirements.txt",
        "hashed_secret": "081c4e1e4e290b3c3b02d41bee49e40bb3663c68",
        "is_verified": false,
        "line_number": 386
      },
      {
        "type": "Base64 High Entropy String",
        "filename": "backend/requirements.txt",
        "hashed_secret": "1a9d81ac33093bdd4a406f6d772ee99f29151027",
        "is_verified": false,
        "line_number": 388
      },
      {
        "type": "Base64 High Entropy String",
        "filename": "backend/requirements.txt",
        "hashed_secret": "21700546fa2a5d99cc7cb0a98f103aa93ebe521d",
        "is_verified": false,
        "line_number": 389
      },
      {
        "type": "Base64 High Entropy String",
        "filename": "backend/requirements.txt",
        "hashed_secret": "abf3e07d2d8921c3da87570519a3396c4bb48f4d",
        "is_verified": false,
        "line_number": 397
      },
      {
        "type": "Base64 High Entropy String",
        "filename": "backend/requirements.txt",
        "hashed_secret": "24efd9be903c703b9c234d73c9f232b0828b122a",
        "is_verified": false,
        "line_number": 398
      },
      {
        "type": "Base64 High Entropy String",
        "filename": "backend/requirements.txt",
        "hashed_secret": "9e4deae34388b8752327279087ec8c1abe7a96af",
        "is_verified": false,
        "line_number": 400
      },
      {
        "type": "Base64 High Entropy String",
        "filename": "backend/requirements.txt",
        "hashed_secret": "bbae940b188d4bf43521c0e8272fbfb5bdf20d53",
        "is_verified": false,
        "line_number": 401
      },
      {
        "type": "Base64 High Entropy String",
        "filename": "backend/requirements.txt",
        "hashed_secret": "9203236a9cf3d246b38d55a3c0be88272a01f3c7",
        "is_verified": false,
        "line_number": 403
      },
      {
        "type": "Base64 High Entropy String",
        "filename": "backend/requirements.txt",
        "hashed_secret": "cef4bfc00c9fd9eee2182acc5fc94b61f6eedcfe",
        "is_verified": false,
        "line_number": 410
      },
      {
        "type": "Base64 High Entropy String",
        "filename": "backend/requirements.txt",
        "hashed_secret": "ffa1048c1f55d9aa835269aafaaf0268383e7139",
        "is_verified": false,
        "line_number": 414
      },
      {
        "type": "Base64 High Entropy String",
        "filename": "backend/requirements.txt",
        "hashed_secret": "71f55e1d2f387d647d6cbfc561dfcadb9e054c2f",
        "is_verified": false,
        "line_number": 417
      },
      {
        "type": "Base64 High Entropy String",
        "filename": "backend/requirements.txt",
        "hashed_secret": "c26ecae6411423faa789ac7823ac4459cf5678c3",
        "is_verified": false,
        "line_number": 421
      },
      {
        "type": "Base64 High Entropy String",
        "filename": "backend/requirements.txt",
        "hashed_secret": "5f4f4ca14bb0377f1c6d1bb8784e5af68c6e72ab",
        "is_verified": false,
        "line_number": 422
      },
      {
        "type": "Base64 High Entropy String",
        "filename": "backend/requirements.txt",
        "hashed_secret": "cfb61e698b59446c3c748a68b4a4bd5fbc385153",
        "is_verified": false,
        "line_number": 424
      },
      {
        "type": "Base64 High Entropy String",
        "filename": "backend/requirements.txt",
        "hashed_secret": "252f729ee7d2ee522a21ca7a6446c5a182cb4fef",
        "is_verified": false,
        "line_number": 427
      },
      {
        "type": "Base64 High Entropy String",
        "filename": "backend/requirements.txt",
        "hashed_secret": "4ce5be5debedc924732021b6766efce33c178206",
        "is_verified": false,
        "line_number": 428
      },
      {
        "type": "Base64 High Entropy String",
        "filename": "backend/requirements.txt",
        "hashed_secret": "9227278876902f1114cfeadcff8f9d1e471baa49",
        "is_verified": false,
        "line_number": 430
      },
      {
        "type": "Base64 High Entropy String",
        "filename": "backend/requirements.txt",
        "hashed_secret": "e9fdc485a1adc0efe23c1acfc8e076698038f482",
        "is_verified": false,
        "line_number": 431
      },
      {
        "type": "Base64 High Entropy String",
        "filename": "backend/requirements.txt",
        "hashed_secret": "7bffd50f920969dc58d8a34685c48f0bf5062acb",
        "is_verified": false,
        "line_number": 432
      },
      {
        "type": "Base64 High Entropy String",
        "filename": "backend/requirements.txt",
        "hashed_secret": "03dbbe15e5f58417858db810a74ae0ead8b966f7",
        "is_verified": false,
        "line_number": 433
      },
      {
        "type": "Base64 High Entropy String",
        "filename": "backend/requirements.txt",
        "hashed_secret": "de016c21c8aa5ecfbf7e690af101cd5521438d60",
        "is_verified": false,
        "line_number": 434
      },
      {
        "type": "Base64 High Entropy String",
        "filename": "backend/requirements.txt",
        "hashed_secret": "d15e8ab6778da03ee2a74c29f1f34a013c8ecd51",
        "is_verified": false,
        "line_number": 439
      },
      {
        "type": "Base64 High Entropy String",
        "filename": "backend/requirements.txt",
        "hashed_secret": "8bd1c59d3fed058ea31444dec0976ebedb79498f",
        "is_verified": false,
        "line_number": 440
      },
      {
        "type": "Base64 High Entropy String",
        "filename": "backend/requirements.txt",
        "hashed_secret": "04730c8342e3793734c25f3284556470ed0f98cb",
        "is_verified": false,
        "line_number": 441
      },
      {
        "type": "Base64 High Entropy String",
        "filename": "backend/requirements.txt",
        "hashed_secret": "39a3723d98c09ed25103963d607124ab38f23c5a",
        "is_verified": false,
        "line_number": 442
      },
      {
        "type": "Base64 High Entropy String",
        "filename": "backend/requirements.txt",
        "hashed_secret": "566e13e97051d462e4634cbab5c6bfa09576f395",
        "is_verified": false,
        "line_number": 444
      },
      {
        "type": "Base64 High Entropy String",
        "filename": "backend/requirements.txt",
        "hashed_secret": "4671d24f7ed25a7c68f216ee16acba11a948f7b6",
        "is_verified": false,
        "line_number": 446
      },
      {
        "type": "Base64 High Entropy String",
        "filename": "backend/requirements.txt",
        "hashed_secret": "ec441ad04c259813fd3407ea6cf904b92d531946",
        "is_verified": false,
        "line_number": 447
      },
      {
        "type": "Base64 High Entropy String",
        "filename": "backend/requirements.txt",
        "hashed_secret": "b24b1ade065e09aa7238920ded6fde8ad9661c1d",
        "is_verified": false,
        "line_number": 449
      },
      {
        "type": "Base64 High Entropy String",
        "filename": "backend/requirements.txt",
        "hashed_secret": "00986e9f7e7b5fb9de6c3c4b590bba7287d953eb",
        "is_verified": false,
        "line_number": 450
      },
      {
        "type": "Base64 High Entropy String",
        "filename": "backend/requirements.txt",
        "hashed_secret": "7ccf736e8109f216cd015efa56aa303abbc8ecd7",
        "is_verified": false,
        "line_number": 452
      },
      {
        "type": "Base64 High Entropy String",
        "filename": "backend/requirements.txt",
        "hashed_secret": "34030a4e23778cc32e262fd24ea08760cde01bb9",
        "is_verified": false,
        "line_number": 453
      },
      {
        "type": "Base64 High Entropy String",
        "filename": "backend/requirements.txt",
        "hashed_secret": "57c266bdabe7905e94fdcf87ab8bfdde3d286a1f",
        "is_verified": false,
        "line_number": 454
      },
      {
        "type": "Base64 High Entropy String",
        "filename": "backend/requirements.txt",
        "hashed_secret": "4815f4ed8a7c619103c6172beaf8117cc1f80da4",
        "is_verified": false,
        "line_number": 458
      },
      {
        "type": "Base64 High Entropy String",
        "filename": "backend/requirements.txt",
        "hashed_secret": "311fcb31db1b57c0e94e7b18dc8a3445e4b3a967",
        "is_verified": false,
        "line_number": 459
      },
      {
        "type": "Base64 High Entropy String",
        "filename": "backend/requirements.txt",
        "hashed_secret": "7b9f4d3148a309b64d535f2a91aa7f32bc217334",
        "is_verified": false,
        "line_number": 461
      },
      {
        "type": "Base64 High Entropy String",
        "filename": "backend/requirements.txt",
        "hashed_secret": "a0e1e73b7cece6351ebc2c8f7b8b893a1ac23ad2",
        "is_verified": false,
        "line_number": 462
      },
      {
        "type": "Base64 High Entropy String",
        "filename": "backend/requirements.txt",
        "hashed_secret": "fc0fbe0df695e3ed42fe41c413503fb5d00c9453",
        "is_verified": false,
        "line_number": 466
      },
      {
        "type": "Base64 High Entropy String",
        "filename": "backend/requirements.txt",
        "hashed_secret": "90416e20ec7cf53f475082f8930a80738a87af89",
        "is_verified": false,
        "line_number": 468
      },
      {
        "type": "Base64 High Entropy String",
        "filename": "backend/requirements.txt",
        "hashed_secret": "a7e11c61e90de5740920c213bc3aef8ea3a21347",
        "is_verified": false,
        "line_number": 469
      },
      {
        "type": "Base64 High Entropy String",
        "filename": "backend/requirements.txt",
        "hashed_secret": "d4514916a2bcfbc3098a88bf3ddb6c0c6aaa723c",
        "is_verified": false,
        "line_number": 472
      },
      {
        "type": "Base64 High Entropy String",
        "filename": "backend/requirements.txt",
        "hashed_secret": "b9d53dbecfb8c4356a1872d984009a0674d49da0",
        "is_verified": false,
        "line_number": 476
      },
      {
        "type": "Base64 High Entropy String",
        "filename": "backend/requirements.txt",
        "hashed_secret": "bd53904bcd89479024048f380cbfaff06c4a2e07",
        "is_verified": false,
        "line_number": 477
      },
      {
        "type": "Base64 High Entropy String",
        "filename": "backend/requirements.txt",
        "hashed_secret": "454070b2eea0d8bccef003c11e35a12cf0348c0e",
        "is_verified": false,
        "line_number": 480
      },
      {
        "type": "Base64 High Entropy String",
        "filename": "backend/requirements.txt",
        "hashed_secret": "07281b2a609bb5385c2055cb3a9c1ddba4adc057",
        "is_verified": false,
        "line_number": 484
      },
      {
        "type": "Base64 High Entropy String",
        "filename": "backend/requirements.txt",
        "hashed_secret": "b157956891f5ad65deb343e1efd38b57cdafa72a",
        "is_verified": false,
        "line_number": 486
      },
      {
        "type": "Base64 High Entropy String",
        "filename": "backend/requirements.txt",
        "hashed_secret": "9412f4a0a04e83e0f1930d5a00163150b2b35ff3",
        "is_verified": false,
        "line_number": 487
      },
      {
        "type": "Base64 High Entropy String",
        "filename": "backend/requirements.txt",
        "hashed_secret": "3ff015cb3f5066f4fc69a643534f9b17b7958ebc",
        "is_verified": false,
        "line_number": 490
      },
      {
        "type": "Base64 High Entropy String",
        "filename": "backend/requirements.txt",
        "hashed_secret": "52c472d96f065b0400150f23f6874f0d8a58ba50",
        "is_verified": false,
        "line_number": 492
      },
      {
        "type": "Base64 High Entropy String",
        "filename": "backend/requirements.txt",
        "hashed_secret": "f3435d3b720e5644240a590d4f4dd7a4e8728e1b",
        "is_verified": false,
        "line_number": 493
      },
      {
        "type": "Base64 High Entropy String",
        "filename": "backend/requirements.txt",
        "hashed_secret": "7b621673a9c37baf23538a502aebb0adbb972d7f",
        "is_verified": false,
        "line_number": 494
      },
      {
        "type": "Base64 High Entropy String",
        "filename": "backend/requirements.txt",
        "hashed_secret": "a29060866f7227a41a4ac25589d1ff144517175c",
        "is_verified": false,
        "line_number": 496
      },
      {
        "type": "Base64 High Entropy String",
        "filename": "backend/requirements.txt",
        "hashed_secret": "22918beca5d312c96ffcfb64062568871ebef006",
        "is_verified": false,
        "line_number": 497
      },
      {
        "type": "Base64 High Entropy String",
        "filename": "backend/requirements.txt",
        "hashed_secret": "1d1ced1122f156f82b2d001d10bf2d8dba1646dc",
        "is_verified": false,
        "line_number": 498
      },
      {
        "type": "Base64 High Entropy String",
        "filename": "backend/requirements.txt",
        "hashed_secret": "3db1c67c933f689cebf549c1d4fe74e766ce1a14",
        "is_verified": false,
        "line_number": 499
      },
      {
        "type": "Base64 High Entropy String",
        "filename": "backend/requirements.txt",
        "hashed_secret": "7a693881e06922ab42f0d7212c9fda1fcbfd7779",
        "is_verified": false,
        "line_number": 500
      },
      {
        "type": "Base64 High Entropy String",
        "filename": "backend/requirements.txt",
        "hashed_secret": "0a1e4a0248e7aa583c99aa5deb795dab534eadd5",
        "is_verified": false,
        "line_number": 501
      },
      {
        "type": "Base64 High Entropy String",
        "filename": "backend/requirements.txt",
        "hashed_secret": "cb3b692910451e43f6281517a1ef348f51df96a8",
        "is_verified": false,
        "line_number": 502
      },
      {
        "type": "Base64 High Entropy String",
        "filename": "backend/requirements.txt",
        "hashed_secret": "5542ce23a7c7ffc3ec304d5e089fa464bb62b6a0",
        "is_verified": false,
        "line_number": 503
      },
      {
        "type": "Base64 High Entropy String",
        "filename": "backend/requirements.txt",
        "hashed_secret": "847fea8409a1cea571fcb145e31bd48116e82800",
        "is_verified": false,
        "line_number": 504
      },
      {
        "type": "Base64 High Entropy String",
        "filename": "backend/requirements.txt",
        "hashed_secret": "60d64bced1fbe06bc00deda34f807bdc58c89755",
        "is_verified": false,
        "line_number": 505
      },
      {
        "type": "Base64 High Entropy String",
        "filename": "backend/requirements.txt",
        "hashed_secret": "6690b6a51b14061032ea94e34a4fe16b71d9fd4c",
        "is_verified": false,
        "line_number": 510
      },
      {
        "type": "Base64 High Entropy String",
        "filename": "backend/requirements.txt",
        "hashed_secret": "02f5d38527d5b843b5a9a60a8c43cdb30ee0c15f",
        "is_verified": false,
        "line_number": 515
      },
      {
        "type": "Base64 High Entropy String",
        "filename": "backend/requirements.txt",
        "hashed_secret": "c6603954b54196bca9a3a6ea4634289e9340da69",
        "is_verified": false,
        "line_number": 516
      },
      {
        "type": "Base64 High Entropy String",
        "filename": "backend/requirements.txt",
        "hashed_secret": "b4db19e6e5c8438a27668334a25b2bbdd60c9d49",
        "is_verified": false,
        "line_number": 517
      },
      {
        "type": "Base64 High Entropy String",
        "filename": "backend/requirements.txt",
        "hashed_secret": "444a4460164677ab3740f728cbffe6f89d3e4e71",
        "is_verified": false,
        "line_number": 518
      },
      {
        "type": "Base64 High Entropy String",
        "filename": "backend/requirements.txt",
        "hashed_secret": "5b83b1b0e0ec380473766f23a69d984e300c3f9a",
        "is_verified": false,
        "line_number": 524
      },
      {
        "type": "Base64 High Entropy String",
        "filename": "backend/requirements.txt",
        "hashed_secret": "3aaef6162ec25df902b2c27ab060609f72b260a8",
        "is_verified": false,
        "line_number": 525
      },
      {
        "type": "Base64 High Entropy String",
        "filename": "backend/requirements.txt",
        "hashed_secret": "fcb4b6f579f5190a3f5266c9e989bc8b6dabccd8",
        "is_verified": false,
        "line_number": 526
      },
      {
        "type": "Base64 High Entropy String",
        "filename": "backend/requirements.txt",
        "hashed_secret": "512a36a03f0de4edde3c4658b28124d24cfd9a63",
        "is_verified": false,
        "line_number": 528
      },
      {
        "type": "Base64 High Entropy String",
        "filename": "backend/requirements.txt",
        "hashed_secret": "bf84810058be79177d50cb87b43f10a9ee9f6418",
        "is_verified": false,
        "line_number": 529
      },
      {
        "type": "Base64 High Entropy String",
        "filename": "backend/requirements.txt",
        "hashed_secret": "f5a9e1f3ca9e1b01f320e2de7967f0f5d05ec5e8",
        "is_verified": false,
        "line_number": 530
      },
      {
        "type": "Base64 High Entropy String",
        "filename": "backend/requirements.txt",
        "hashed_secret": "c57315c3ede53641a55e2773ef39cd1a415ad41c",
        "is_verified": false,
        "line_number": 533
      },
      {
        "type": "Base64 High Entropy String",
        "filename": "backend/requirements.txt",
        "hashed_secret": "6785119dc1a9ac2526d8e4e20763a89a6398e9aa",
        "is_verified": false,
        "line_number": 534
      },
      {
        "type": "Base64 High Entropy String",
        "filename": "backend/requirements.txt",
        "hashed_secret": "6e601912ad4b4c795495e71724f3d9bc0222e23b",
        "is_verified": false,
        "line_number": 535
      },
      {
        "type": "Base64 High Entropy String",
        "filename": "backend/requirements.txt",
        "hashed_secret": "782c6d2e4b1389c913072bdde1258c7f75a4a165",
        "is_verified": false,
        "line_number": 537
      },
      {
        "type": "Base64 High Entropy String",
        "filename": "backend/requirements.txt",
        "hashed_secret": "312a9f7938cd50e4c1e4c7f9f6ef6a74005a3ca2",
        "is_verified": false,
        "line_number": 538
      },
      {
        "type": "Base64 High Entropy String",
        "filename": "backend/requirements.txt",
        "hashed_secret": "0f7fef6a4305c51938d7b678c658f570f8b66be7",
        "is_verified": false,
        "line_number": 539
      },
      {
        "type": "Base64 High Entropy String",
        "filename": "backend/requirements.txt",
        "hashed_secret": "12afb6fd7eb22ee6fa5ae8f35c158b43bc10f63a",
        "is_verified": false,
        "line_number": 542
      },
      {
        "type": "Base64 High Entropy String",
        "filename": "backend/requirements.txt",
        "hashed_secret": "a6e39ec1e00a752f2ef32034c5e471f38b7058ec",
        "is_verified": false,
        "line_number": 543
      },
      {
        "type": "Base64 High Entropy String",
        "filename": "backend/requirements.txt",
        "hashed_secret": "428dc1848fa27813c453eb2317377fdb9ae7e67a",
        "is_verified": false,
        "line_number": 544
      },
      {
        "type": "Base64 High Entropy String",
        "filename": "backend/requirements.txt",
        "hashed_secret": "a7c456d4bac7c7e4e18c428a7f54b21edae407af",
        "is_verified": false,
        "line_number": 550
      },
      {
        "type": "Base64 High Entropy String",
        "filename": "backend/requirements.txt",
        "hashed_secret": "5d6b5268c8487f64a2d605834bea4517321f532e",
        "is_verified": false,
        "line_number": 556
      },
      {
        "type": "Base64 High Entropy String",
        "filename": "backend/requirements.txt",
        "hashed_secret": "7a2eaa271b3c269c9ed050a45d877e4f7b6d2dc0",
        "is_verified": false,
        "line_number": 557
      },
      {
        "type": "Base64 High Entropy String",
        "filename": "backend/requirements.txt",
        "hashed_secret": "8a71811552c1c44252d34cde1bd1514188a9a0aa",
        "is_verified": false,
        "line_number": 560
      },
      {
        "type": "Base64 High Entropy String",
        "filename": "backend/requirements.txt",
        "hashed_secret": "a774787fd9f5bd41bb9ffbe7e5980c0a5d9bc632",
        "is_verified": false,
        "line_number": 561
      },
      {
        "type": "Base64 High Entropy String",
        "filename": "backend/requirements.txt",
        "hashed_secret": "b5fb28aeda331ccf90ec6d62404865ac566babee",
        "is_verified": false,
        "line_number": 569
      },
      {
        "type": "Base64 High Entropy String",
        "filename": "backend/requirements.txt",
        "hashed_secret": "7f3fd978322e7e85308110dfa988c66d861c5bd7",
        "is_verified": false,
        "line_number": 572
      },
      {
        "type": "Base64 High Entropy String",
        "filename": "backend/requirements.txt",
        "hashed_secret": "ac6772bf25ab6fb256d829787dd42700e92e451a",
        "is_verified": false,
        "line_number": 575
      },
      {
        "type": "Base64 High Entropy String",
        "filename": "backend/requirements.txt",
        "hashed_secret": "9b79a91dc7b59e38f561e1db5474129eac71fb38",
        "is_verified": false,
        "line_number": 576
      },
      {
        "type": "Base64 High Entropy String",
        "filename": "backend/requirements.txt",
        "hashed_secret": "9edc98a0a2bc1561e3eb23fe45725a59c477e05f",
        "is_verified": false,
        "line_number": 578
      },
      {
        "type": "Base64 High Entropy String",
        "filename": "backend/requirements.txt",
        "hashed_secret": "41eb681f778379530aa773b8796912518efe5792",
        "is_verified": false,
        "line_number": 579
      },
      {
        "type": "Base64 High Entropy String",
        "filename": "backend/requirements.txt",
        "hashed_secret": "cae4c2168c6d3f840b8df7f7ebc44f64a53094f8",
        "is_verified": false,
        "line_number": 582
      },
      {
        "type": "Base64 High Entropy String",
        "filename": "backend/requirements.txt",
        "hashed_secret": "aa6be0e3415ac2f69456baf883eeee7974addea0",
        "is_verified": false,
        "line_number": 583
      },
      {
        "type": "Base64 High Entropy String",
        "filename": "backend/requirements.txt",
        "hashed_secret": "e9ec6b79f04b5c235a3a7f1769f2c4539514047b",
        "is_verified": false,
        "line_number": 586
      },
      {
        "type": "Base64 High Entropy String",
        "filename": "backend/requirements.txt",
        "hashed_secret": "b95e003f6b2953c04e9bd5f7ebcbbbf85c2dbae7",
        "is_verified": false,
        "line_number": 587
      },
      {
        "type": "Base64 High Entropy String",
        "filename": "backend/requirements.txt",
        "hashed_secret": "4bdcee474ecf69e3636ff4c2353d600ca3d97617",
        "is_verified": false,
        "line_number": 589
      },
      {
        "type": "Base64 High Entropy String",
        "filename": "backend/requirements.txt",
        "hashed_secret": "1cfdef1f9d1816cd1c6d9bd93ee87e79be0c9402",
        "is_verified": false,
        "line_number": 591
      },
      {
        "type": "Base64 High Entropy String",
        "filename": "backend/requirements.txt",
        "hashed_secret": "a7a39f1c91c80bb9371f8ba52c54c544acbcc9b7",
        "is_verified": false,
        "line_number": 592
      },
      {
        "type": "Base64 High Entropy String",
        "filename": "backend/requirements.txt",
        "hashed_secret": "2d98a309036c3544b41a4c24a617c22c7891d473",
        "is_verified": false,
        "line_number": 593
      },
      {
        "type": "Base64 High Entropy String",
        "filename": "backend/requirements.txt",
        "hashed_secret": "46cfd7e14ed054d217ee8d139729fcf6d598ddce",
        "is_verified": false,
        "line_number": 594
      },
      {
        "type": "Base64 High Entropy String",
        "filename": "backend/requirements.txt",
        "hashed_secret": "02f03f64aec62eb2a90f5a9093621c850bf07dc9",
        "is_verified": false,
        "line_number": 595
      },
      {
        "type": "Base64 High Entropy String",
        "filename": "backend/requirements.txt",
        "hashed_secret": "70e42dc65313a51549b3ad52bc6b14da7f120138",
        "is_verified": false,
        "line_number": 596
      },
      {
        "type": "Base64 High Entropy String",
        "filename": "backend/requirements.txt",
        "hashed_secret": "1776f7e01efd1cc0d86e0eaea1b2916d935a1b21",
        "is_verified": false,
        "line_number": 599
      }
    ]
  },
  "generated_at": "2026-07-10T04:11:22Z"
}
